Starting NanoChat training
Project: /cygnus/proj_nobackup/saugat/health_nanochat/Project_4
Nanochat: /cygnus/proj_nobackup/saugat/health_nanochat/Project_4/../nanochat
Started: Tue May 26 23:45:19 CEST 2026
Starting pretraining (Stage 1)...

Preprocessing Stage 1: climbmix pretraining
================================================
  climbmix: 100,000 documents from 1 shard(s)
  Saved 100,000 documents → /workspace/Project_4/data/pretrain_splits/climbmix_docs.txt

Total climbmix documents: 100,000
Done.

[Stage 1] Loading climbmix raw text documents for 'train'...
  ChunkTextDataset: 52,660 chunks from 85,201 documents

[Stage 1] Loading climbmix raw text documents for 'val'...
  ChunkTextDataset: 6,233 chunks from 10,024 documents
decay params: 134,217,728
no decay params: 83,968
Starting training
Training on Device: cuda
Epoch 001 | train_loss=5.6741 | val_loss=4.6484 | lr=2.52e-04
checkpoint saved → /workspace/Project_4/data/checkpoints/pre_trained/latest.pth
checkpoint saved → /workspace/Project_4/data/checkpoints/pre_trained/best_pretrained.pth
Epoch 002 | train_loss=4.2989 | val_loss=4.0478 | lr=2.95e-04
checkpoint saved → /workspace/Project_4/data/checkpoints/pre_trained/latest.pth
checkpoint saved → /workspace/Project_4/data/checkpoints/pre_trained/best_pretrained.pth
Epoch 003 | train_loss=3.9088 | val_loss=3.8638 | lr=2.73e-04
checkpoint saved → /workspace/Project_4/data/checkpoints/pre_trained/latest.pth
checkpoint saved → /workspace/Project_4/data/checkpoints/pre_trained/best_pretrained.pth
Epoch 004 | train_loss=3.7045 | val_loss=3.7692 | lr=2.38e-04
checkpoint saved → /workspace/Project_4/data/checkpoints/pre_trained/latest.pth
checkpoint saved → /workspace/Project_4/data/checkpoints/pre_trained/best_pretrained.pth
Epoch 005 | train_loss=3.5508 | val_loss=3.7160 | lr=1.94e-04
checkpoint saved → /workspace/Project_4/data/checkpoints/pre_trained/latest.pth
checkpoint saved → /workspace/Project_4/data/checkpoints/pre_trained/best_pretrained.pth
Epoch 006 | train_loss=3.4214 | val_loss=3.6774 | lr=1.46e-04
checkpoint saved → /workspace/Project_4/data/checkpoints/pre_trained/latest.pth
checkpoint saved → /workspace/Project_4/data/checkpoints/pre_trained/best_pretrained.pth
Epoch 007 | train_loss=3.3062 | val_loss=3.6546 | lr=1.01e-04
checkpoint saved → /workspace/Project_4/data/checkpoints/pre_trained/latest.pth
checkpoint saved → /workspace/Project_4/data/checkpoints/pre_trained/best_pretrained.pth
Epoch 008 | train_loss=3.2069 | val_loss=3.6437 | lr=6.31e-05
checkpoint saved → /workspace/Project_4/data/checkpoints/pre_trained/latest.pth
checkpoint saved → /workspace/Project_4/data/checkpoints/pre_trained/best_pretrained.pth
Epoch 009 | train_loss=3.1285 | val_loss=3.6415 | lr=3.85e-05
checkpoint saved → /workspace/Project_4/data/checkpoints/pre_trained/latest.pth
checkpoint saved → /workspace/Project_4/data/checkpoints/pre_trained/best_pretrained.pth
Epoch 010 | train_loss=3.0761 | val_loss=3.6462 | lr=3.00e-05
checkpoint saved → /workspace/Project_4/data/checkpoints/pre_trained/latest.pth
  no improvement (1/4)
checkpoint saved → /workspace/Project_4/data/checkpoints/pre_trained/epoch_010.pth
Pretraining / Stage 1 complete. Best val loss: 3.6415
Starting medical fine-tuning (Stage 2)...

[Stage 2] Loading PubMed + climbmix documents for 'train'...
  ChunkTextDataset: 22,090 chunks from 93,502 documents

[Stage 2] Loading PubMed + climbmix documents for 'val'...
  ChunkTextDataset: 2,589 chunks from 11,000 documents
decay params: 134,217,728
no decay params: 83,968
loaded model weights from /workspace/Project_4/data/checkpoints/pre_trained/best_pretrained.pth
Starting training
Training on Device: cuda
Epoch 001 | train_loss=3.8092 | val_loss=3.4686 | lr=4.99e-05
checkpoint saved → /workspace/Project_4/data/checkpoints/stage2_checkpoint/latest.pth
checkpoint saved → /workspace/Project_4/data/checkpoints/best_model.pth
Epoch 002 | train_loss=3.4255 | val_loss=3.3264 | lr=4.79e-05
checkpoint saved → /workspace/Project_4/data/checkpoints/stage2_checkpoint/latest.pth
checkpoint saved → /workspace/Project_4/data/checkpoints/best_model.pth
Epoch 003 | train_loss=3.2668 | val_loss=3.2692 | lr=4.36e-05
checkpoint saved → /workspace/Project_4/data/checkpoints/stage2_checkpoint/latest.pth
checkpoint saved → /workspace/Project_4/data/checkpoints/best_model.pth
Epoch 004 | train_loss=3.1655 | val_loss=3.2379 | lr=3.75e-05
checkpoint saved → /workspace/Project_4/data/checkpoints/stage2_checkpoint/latest.pth
checkpoint saved → /workspace/Project_4/data/checkpoints/best_model.pth
Epoch 005 | train_loss=3.0900 | val_loss=3.2215 | lr=3.03e-05
checkpoint saved → /workspace/Project_4/data/checkpoints/stage2_checkpoint/latest.pth
checkpoint saved → /workspace/Project_4/data/checkpoints/best_model.pth
Epoch 006 | train_loss=3.0311 | val_loss=3.2119 | lr=2.27e-05
checkpoint saved → /workspace/Project_4/data/checkpoints/stage2_checkpoint/latest.pth
checkpoint saved → /workspace/Project_4/data/checkpoints/best_model.pth
Epoch 007 | train_loss=2.9859 | val_loss=3.2069 | lr=1.56e-05
checkpoint saved → /workspace/Project_4/data/checkpoints/stage2_checkpoint/latest.pth
checkpoint saved → /workspace/Project_4/data/checkpoints/best_model.pth
Epoch 008 | train_loss=2.9524 | val_loss=3.2037 | lr=9.97e-06
checkpoint saved → /workspace/Project_4/data/checkpoints/stage2_checkpoint/latest.pth
checkpoint saved → /workspace/Project_4/data/checkpoints/best_model.pth
Epoch 009 | train_loss=2.9296 | val_loss=3.2024 | lr=6.28e-06
checkpoint saved → /workspace/Project_4/data/checkpoints/stage2_checkpoint/latest.pth
checkpoint saved → /workspace/Project_4/data/checkpoints/best_model.pth
Epoch 010 | train_loss=2.9156 | val_loss=3.2015 | lr=5.00e-06
checkpoint saved → /workspace/Project_4/data/checkpoints/stage2_checkpoint/latest.pth
checkpoint saved → /workspace/Project_4/data/checkpoints/best_model.pth
checkpoint saved → /workspace/Project_4/data/checkpoints/stage2_checkpoint/epoch_010.pth

 Medical fine-tuning (Stage 2) complete. Best val loss: 3.2015
Starting conversational fine-tuning (Stage 3)...

[Stage 3] Loading chatbot dataset for 'train'...
Building ChunkChatDataset for 'train' (loss_masking=True)...
  21,101 chunks of 1024 tokens

[Stage 3] Loading chatbot dataset for 'val'...
Building ChunkChatDataset for 'val' (loss_masking=True)...
  2,489 chunks of 1024 tokens
decay params: 134,217,728
no decay params: 83,968
loaded model weights from /workspace/Project_4/data/checkpoints/best_model.pth
Starting training
Training on Device: cuda
frozen token embeddings and first 6 transformer blocks
Epoch 001 | train_loss=4.0045 | val_loss=3.7311 | lr=4.92e-06
checkpoint saved → /workspace/Project_4/data/checkpoints/stage3_checkpoint/latest.pth
checkpoint saved → /workspace/Project_4/data/checkpoints/best_model.pth
Epoch 002 | train_loss=3.7439 | val_loss=3.5997 | lr=4.62e-06
checkpoint saved → /workspace/Project_4/data/checkpoints/stage3_checkpoint/latest.pth
checkpoint saved → /workspace/Project_4/data/checkpoints/best_model.pth
Epoch 003 | train_loss=3.6436 | val_loss=3.5288 | lr=4.13e-06
checkpoint saved → /workspace/Project_4/data/checkpoints/stage3_checkpoint/latest.pth
checkpoint saved → /workspace/Project_4/data/checkpoints/best_model.pth
unfroze all model parameters for full fine-tuning
Epoch 004 | train_loss=3.4288 | val_loss=3.2631 | lr=3.51e-06
checkpoint saved → /workspace/Project_4/data/checkpoints/stage3_checkpoint/latest.pth
checkpoint saved → /workspace/Project_4/data/checkpoints/best_model.pth
Epoch 005 | train_loss=3.2641 | val_loss=3.1747 | lr=2.80e-06
checkpoint saved → /workspace/Project_4/data/checkpoints/stage3_checkpoint/latest.pth
checkpoint saved → /workspace/Project_4/data/checkpoints/best_model.pth
Epoch 006 | train_loss=3.1853 | val_loss=3.1270 | lr=2.10e-06
checkpoint saved → /workspace/Project_4/data/checkpoints/stage3_checkpoint/latest.pth
checkpoint saved → /workspace/Project_4/data/checkpoints/best_model.pth
Epoch 007 | train_loss=3.1391 | val_loss=3.0989 | lr=1.45e-06
checkpoint saved → /workspace/Project_4/data/checkpoints/stage3_checkpoint/latest.pth
checkpoint saved → /workspace/Project_4/data/checkpoints/best_model.pth
Epoch 008 | train_loss=3.1107 | val_loss=3.0825 | lr=9.43e-07
checkpoint saved → /workspace/Project_4/data/checkpoints/stage3_checkpoint/latest.pth
checkpoint saved → /workspace/Project_4/data/checkpoints/best_model.pth
Epoch 009 | train_loss=3.0933 | val_loss=3.0728 | lr=6.14e-07
checkpoint saved → /workspace/Project_4/data/checkpoints/stage3_checkpoint/latest.pth
checkpoint saved → /workspace/Project_4/data/checkpoints/best_model.pth
Epoch 010 | train_loss=3.0821 | val_loss=3.0661 | lr=5.00e-07
checkpoint saved → /workspace/Project_4/data/checkpoints/stage3_checkpoint/latest.pth
checkpoint saved → /workspace/Project_4/data/checkpoints/best_model.pth
checkpoint saved → /workspace/Project_4/data/checkpoints/stage3_checkpoint/epoch_010.pth
Conversational fine-tuning (Stage 3) complete. Best val loss: 3.0661
Finished: Wed May 27 04:23:16 CEST 2026
Final model should be at: /cygnus/proj_nobackup/saugat/health_nanochat/Project_4/data/checkpoints/best_model.pth
