============================================================
  NanoChat Training — Bianca
  Job ID   : 15411
  Node     : sens2025696-b201
  Mode     : both
  Started  : Fri May 22 13:54:35 CEST 2026
============================================================
All pre-flight checks passed.

GPU: NVIDIA A100-PCIE-40GB, 40960 MiB

Launching training (mode: both)...

NanoChat training — mode=both | device=cuda
  Project root : /workspace/Project_3
  Checkpoints  : /workspace/Project_3/data/checkpoints
  Pretrained   : /workspace/Project_3/data/checkpoints/pre_trained
  Splits       : /workspace/Project_3/data/splits
  Pretrain splits: /workspace/Project_3/data/pretrain_splits
Building ChunkChatDataset for 'train' split (loss_masking=True)...
  18,327 chunks of 1024 tokens
Building ChunkChatDataset for 'val' split (loss_masking=True)...
  2,160 chunks of 1024 tokens

============================================================
  STAGE 1 — General conversational pretraining (oasst2)
============================================================
Building ChunkChatDataset for 'train' split (loss_masking=True)...
  3,616 chunks of 1024 tokens
Building ChunkChatDataset for 'val' split (loss_masking=True)...
  433 chunks of 1024 tokens
decay params: 33,554,432
no decay params: 41,984
Starting training
Training on Device: cuda
Epoch 001 | train_loss=8.1685 | val_loss=7.3545 | lr=5.70e-05
checkpoint saved → /workspace/Project_3/data/checkpoints/pre_trained/latest.pth
checkpoint saved → /workspace/Project_3/data/checkpoints/pre_trained/best_pretrained.pth
Epoch 002 | train_loss=7.0911 | val_loss=6.9257 | lr=8.40e-05
checkpoint saved → /workspace/Project_3/data/checkpoints/pre_trained/latest.pth
checkpoint saved → /workspace/Project_3/data/checkpoints/pre_trained/best_pretrained.pth
Epoch 003 | train_loss=6.7486 | val_loss=6.6275 | lr=1.11e-04
checkpoint saved → /workspace/Project_3/data/checkpoints/pre_trained/latest.pth
checkpoint saved → /workspace/Project_3/data/checkpoints/pre_trained/best_pretrained.pth
Epoch 004 | train_loss=6.4843 | val_loss=6.4061 | lr=1.38e-04
checkpoint saved → /workspace/Project_3/data/checkpoints/pre_trained/latest.pth
checkpoint saved → /workspace/Project_3/data/checkpoints/pre_trained/best_pretrained.pth
Epoch 005 | train_loss=6.2631 | val_loss=6.2256 | lr=1.65e-04
checkpoint saved → /workspace/Project_3/data/checkpoints/pre_trained/latest.pth
checkpoint saved → /workspace/Project_3/data/checkpoints/pre_trained/best_pretrained.pth
Epoch 006 | train_loss=6.0712 | val_loss=6.0649 | lr=1.92e-04
checkpoint saved → /workspace/Project_3/data/checkpoints/pre_trained/latest.pth
checkpoint saved → /workspace/Project_3/data/checkpoints/pre_trained/best_pretrained.pth
Epoch 007 | train_loss=5.9010 | val_loss=5.9354 | lr=2.19e-04
checkpoint saved → /workspace/Project_3/data/checkpoints/pre_trained/latest.pth
checkpoint saved → /workspace/Project_3/data/checkpoints/pre_trained/best_pretrained.pth
Epoch 008 | train_loss=5.7473 | val_loss=5.8210 | lr=2.46e-04
checkpoint saved → /workspace/Project_3/data/checkpoints/pre_trained/latest.pth
checkpoint saved → /workspace/Project_3/data/checkpoints/pre_trained/best_pretrained.pth
Epoch 009 | train_loss=5.6028 | val_loss=5.7274 | lr=2.73e-04
checkpoint saved → /workspace/Project_3/data/checkpoints/pre_trained/latest.pth
checkpoint saved → /workspace/Project_3/data/checkpoints/pre_trained/best_pretrained.pth
Epoch 010 | train_loss=5.4628 | val_loss=5.6355 | lr=3.00e-05
checkpoint saved → /workspace/Project_3/data/checkpoints/pre_trained/latest.pth
checkpoint saved → /workspace/Project_3/data/checkpoints/pre_trained/best_pretrained.pth
checkpoint saved → /workspace/Project_3/data/checkpoints/pre_trained/epoch_010.pth

Pretraining complete. Best val loss: 5.6355

============================================================
  STAGE 2 — Medical fine-tuning
============================================================
decay params: 33,554,432
no decay params: 41,984
loaded model weights from /workspace/Project_3/data/checkpoints/pre_trained/best_pretrained.pth
Starting training
Training on Device: cuda
frozen token embeddings and first 6 transformer blocks
Epoch 001 | train_loss=6.6053 | val_loss=6.3966 | lr=9.84e-06
checkpoint saved → /workspace/Project_3/data/checkpoints/latest.pth
checkpoint saved → /workspace/Project_3/data/checkpoints/best_model.pth
Epoch 002 | train_loss=6.3933 | val_loss=6.2783 | lr=9.26e-06
checkpoint saved → /workspace/Project_3/data/checkpoints/latest.pth
checkpoint saved → /workspace/Project_3/data/checkpoints/best_model.pth
unfroze all model parameters for full fine-tuning
Epoch 003 | train_loss=5.8854 | val_loss=5.5677 | lr=8.29e-06
checkpoint saved → /workspace/Project_3/data/checkpoints/latest.pth
checkpoint saved → /workspace/Project_3/data/checkpoints/best_model.pth
Epoch 004 | train_loss=5.5217 | val_loss=5.3644 | lr=7.03e-06
checkpoint saved → /workspace/Project_3/data/checkpoints/latest.pth
checkpoint saved → /workspace/Project_3/data/checkpoints/best_model.pth
Epoch 005 | train_loss=5.3675 | val_loss=5.2462 | lr=5.63e-06
checkpoint saved → /workspace/Project_3/data/checkpoints/latest.pth
checkpoint saved → /workspace/Project_3/data/checkpoints/best_model.pth
Epoch 006 | train_loss=5.2702 | val_loss=5.1699 | lr=4.21e-06
checkpoint saved → /workspace/Project_3/data/checkpoints/latest.pth
checkpoint saved → /workspace/Project_3/data/checkpoints/best_model.pth
Epoch 007 | train_loss=5.2064 | val_loss=5.1211 | lr=2.92e-06
checkpoint saved → /workspace/Project_3/data/checkpoints/latest.pth
checkpoint saved → /workspace/Project_3/data/checkpoints/best_model.pth
Epoch 008 | train_loss=5.1651 | val_loss=5.0906 | lr=1.89e-06
checkpoint saved → /workspace/Project_3/data/checkpoints/latest.pth
checkpoint saved → /workspace/Project_3/data/checkpoints/best_model.pth
Epoch 009 | train_loss=5.1391 | val_loss=5.0717 | lr=1.23e-06
checkpoint saved → /workspace/Project_3/data/checkpoints/latest.pth
checkpoint saved → /workspace/Project_3/data/checkpoints/best_model.pth
Epoch 010 | train_loss=5.1229 | val_loss=5.0591 | lr=1.00e-06
checkpoint saved → /workspace/Project_3/data/checkpoints/latest.pth
checkpoint saved → /workspace/Project_3/data/checkpoints/best_model.pth
checkpoint saved → /workspace/Project_3/data/checkpoints/epoch_010.pth

Fine-tuning complete. Best val loss: 5.0591

All done.

============================================================
  Finished  : Fri May 22 14:53:02 CEST 2026
  Exit code : 0
  Mode      : both
  Stage 1 checkpoints : /cygnus/proj_nobackup/saugat/health_nanochat/Project_3/data/checkpoints/pre_trained
  Stage 2 checkpoints : /cygnus/proj_nobackup/saugat/health_nanochat/Project_3/data/checkpoints
============================================================
Done.
